/*---------------------------------------------------------------------------*\
  =========                 |
  \\      /  F ield         | OpenFOAM: The Open Source CFD Toolbox
   \\    /   O peration     | Website:  https://openfoam.org
    \\  /    A nd           | Version:  12
     \\/     M anipulation  |
\*---------------------------------------------------------------------------*/
Build  : 12-86e126a7bc4d
Exec   : foamRun
Date   : Sep 13 2026
Time   : 20:18:46
Host   : "ip-172-31-29-147"
PID    : 11021
I/O    : uncollated
Case   : /home/ubuntu/runs/huge_cpu
nProcs : 1
sigFpe : Enabling floating point exception trapping (FOAM_SIGFPE).
fileModificationChecking : Monitoring run-time modified files using timeStampMaster (fileModificationSkew 10)
allowSystemOperations : Allowing user-supplied system call operations

// * * * * * * * * * * * * * * * * * * * * * * * * * * * * * * * * * * * * * //
Create time

Create mesh for time = 0

Selecting solver incompressibleFluid
Selecting viscosity model constant
Selecting turbulence model type RAS
Selecting RAS turbulence model kEpsilon
RAS
{
    model           kEpsilon;
    turbulence      on;
    printCoeffs     on;
    Cmu             0.09;
    C1              1.44;
    C2              1.92;
    C3              0;
    sigmak          1;
    sigmaEps        1.3;
}

No MRF models present

Courant Number mean: 2.18724e-06 max: 0.00788054

PIMPLE: No convergence criteria found


PIMPLE: Operating solver in transient mode with 1 outer corrector
PIMPLE: Operating solver in PISO mode



Starting time loop

surfaceFieldValue patchAverage(patch=inlet,fields=(pU)):
    total faces  = 300
    total area   = 2.54e-05


Courant Number mean: 2.18724e-06 max: 0.00788054
Time = 2.5e-07s

smoothSolver:  Solving for Ux, Initial residual = 1, Final residual = 6.01501e-07, No Iterations 3
smoothSolver:  Solving for Uy, Initial residual = 1, Final residual = 2.59957e-06, No Iterations 3
DICPCG:  Solving for p, Initial residual = 1, Final residual = 0.00993747, No Iterations 1940
time step continuity errors : sum local = 4.34712e-08, global = 8.95789e-11
DICPCG:  Solving for p, Initial residual = 0.00160333, Final residual = 9.96051e-08, No Iterations 2137
time step continuity errors : sum local = 4.60534e-10, global = -5.26826e-13, cumulative = -5.26826e-13
smoothSolver:  Solving for epsilon, Initial residual = 0.0273715, Final residual = 5.95518e-06, No Iterations 3
smoothSolver:  Solving for k, Initial residual = 1, Final residual = 2.29052e-06, No Iterations 5
ExecutionTime = 110.557 s  ClockTime = 111 s

Courant Number mean: 0.0106124 max: 0.48675
Time = 5e-07s

smoothSolver:  Solving for Ux, Initial residual = 0.854857, Final residual = 6.17913e-06, No Iterations 3
smoothSolver:  Solving for Uy, Initial residual = 0.229725, Final residual = 9.14961e-06, No Iterations 4
DICPCG:  Solving for p, Initial residual = 0.00160248, Final residual = 1.59762e-05, No Iterations 1978
time step continuity errors : sum local = 6.79836e-08, global = -7.93291e-11
DICPCG:  Solving for p, Initial residual = 0.0206306, Final residual = 9.51222e-08, No Iterations 2303
time step continuity errors : sum local = 3.85465e-11, global = -4.36179e-14, cumulative = -5.70444e-13
smoothSolver:  Solving for epsilon, Initial residual = 0.00152939, Final residual = 9.92302e-06, No Iterations 8
smoothSolver:  Solving for k, Initial residual = 0.377096, Final residual = 7.4085e-06, No Iterations 24
ExecutionTime = 217.588 s  ClockTime = 218 s

Courant Number mean: 0.0106038 max: 0.45837
Time = 7.5e-07s

smoothSolver:  Solving for Ux, Initial residual = 0.00558658, Final residual = 9.334e-06, No Iterations 6
smoothSolver:  Solving for Uy, Initial residual = 0.0294216, Final residual = 8.28956e-06, No Iterations 8
DICPCG:  Solving for p, Initial residual = 0.309085, Final residual = 0.00307786, No Iterations 1738
time step continuity errors : sum local = 2.75721e-08, global = 1.71456e-11
DICPCG:  Solving for p, Initial residual = 0.173974, Final residual = 9.88071e-08, No Iterations 2352
time step continuity errors : sum local = 4.95849e-13, global = -1.30993e-16, cumulative = -5.70575e-13
smoothSolver:  Solving for epsilon, Initial residual = 0.0189368, Final residual = 7.97419e-06, No Iterations 24
smoothSolver:  Solving for k, Initial residual = 0.114853, Final residual = 9.10539e-06, No Iterations 34
ExecutionTime = 321.167 s  ClockTime = 321 s

Courant Number mean: 0.0106044 max: 0.426852
Time = 1e-06s

smoothSolver:  Solving for Ux, Initial residual = 0.00147168, Final residual = 5.33404e-06, No Iterations 2
smoothSolver:  Solving for Uy, Initial residual = 0.00501896, Final residual = 8.71385e-06, No Iterations 2
DICPCG:  Solving for p, Initial residual = 0.249257, Final residual = 0.00248033, No Iterations 1624
time step continuity errors : sum local = 9.17946e-09, global = 1.81782e-11
DICPCG:  Solving for p, Initial residual = 0.122799, Final residual = 9.91604e-08, No Iterations 2361
time step continuity errors : sum local = 2.14988e-13, global = -6.5183e-17, cumulative = -5.7064e-13
smoothSolver:  Solving for epsilon, Initial residual = 0.00617969, Final residual = 3.32989e-06, No Iterations 5
smoothSolver:  Solving for k, Initial residual = 0.0121654, Final residual = 6.58202e-06, No Iterations 6
ExecutionTime = 419.851 s  ClockTime = 420 s

Courant Number mean: 0.0106045 max: 0.363583
Time = 1.25e-06s

smoothSolver:  Solving for Ux, Initial residual = 0.000309223, Final residual = 5.12492e-06, No Iterations 1
smoothSolver:  Solving for Uy, Initial residual = 0.000303953, Final residual = 5.45858e-06, No Iterations 1
DICPCG:  Solving for p, Initial residual = 0.1578, Final residual = 0.00154215, No Iterations 670
time step continuity errors : sum local = 2.79592e-09, global = -1.81048e-10
DICPCG:  Solving for p, Initial residual = 0.0217058, Final residual = 9.92683e-08, No Iterations 2258
time step continuity errors : sum local = 1.59402e-13, global = -3.22922e-18, cumulative = -5.70643e-13
smoothSolver:  Solving for epsilon, Initial residual = 0.00409549, Final residual = 5.35271e-06, No Iterations 4
smoothSolver:  Solving for k, Initial residual = 0.00897215, Final residual = 7.72637e-06, No Iterations 5
ExecutionTime = 497.916 s  ClockTime = 498 s

End

